// Jest Snapshot v1, https://goo.gl/fbAQLP

exports[`Displays categories and sort table if loaded If data is loading or threw error display skeleton 1`] = `
<div
  class="categories"
  data-testid="skeleton-wrapper"
>
  <div
    class="category"
    data-testid="category"
  >
    <div
      class="title"
    />
  </div>
  <div
    class="category"
    data-testid="category"
  >
    <div
      class="title"
    />
  </div>
  <div
    class="category"
    data-testid="category"
  >
    <div
      class="title"
    />
  </div>
  <div
    class="category"
    data-testid="category"
  >
    <div
      class="title"
    />
  </div>
  <div
    class="active category"
  >
    <div
      class="title"
    />
  </div>
</div>
`;
